set(arg1
    arg2
    arg3 #[[single line bracket comment next to arg3]]
    arg4
    arg5 #[==[some quite longer__________________________________________ bracket comment next to arg5 that requires splitting into multiple lines]==]
    arg6
    arg7 #[====[bracket
comment next to arg7
      with     some
    formatting
   ]====]
    arg8
    arg9 #[=[no space before comment]=]
    arg10
    #[===[standalone comment is not aligned to previous argument]===]
    arg11
    #[=====[long standalone comments are also aligned__________________________________ as other arguments]=====]
    arg12
)
