ctest_sleep(10)

ctest_sleep(10 5 13)

ctest_sleep(FOO)

ctest_sleep(FOO BAR BAZ)

ctest_sleep(
    long_arg____________________________________________________________
)

ctest_sleep(
    long_arg____________________________________________________________
    long_arg____________________________________________________________
    long_arg____________________________________________________________
)
