ctest_update(SOURCE FOO RETURN_VALUE BAR CAPTURE_CMAKE_ERROR BAZ QUIET)

ctest_update(
    SOURCE long_arg____________________________________________________________
    RETURN_VALUE
        long_arg____________________________________________________________
    CAPTURE_CMAKE_ERROR
        long_arg____________________________________________________________
    QUIET
)
