ctest_empty_binary_directory(FOO)

ctest_empty_binary_directory(
    long_arg____________________________________________________________
)
