foo("

don't remove empty lines
from quoted argument

because it's not meant to be changed
in any way


bar


baz

"
)
