foreach(LOOP_VAR item1 item2 item3 item4)
endforeach()

foreach(LOOP_VAR item1 item2 item3 item4)
endforeach(LOOP_VAR)

foreach(LOOP_VAR item1 item2 item3 item4)
    continue()
    break()
endforeach(LOOP_VAR)

foreach(
    LOOP_VAR
    item1
    item2
    item3
    item4
    long_item___________________________________
)
endforeach()

foreach(
    LOOP_VAR
    item1
    item2
    item3
    item4
    long_item___________________________________
)
endforeach(LOOP_VAR)

foreach(
    LONG_LOOP_VAR_NAME________________________________________________________
    item1
    item2
    item3
    item4
)
endforeach()

foreach(
    LONG_LOOP_VAR_NAME________________________________________________________
    item1
    item2
    item3
    item4
)
endforeach(
    LONG_LOOP_VAR_NAME________________________________________________________
)

foreach(
    LONG_LOOP_VAR_NAME________________________________________________________
    item1
    item2
    item3
    item4
    long_item___________________________________
)
endforeach()

foreach(
    LONG_LOOP_VAR_NAME________________________________________________________
    item1
    item2
    item3
    item4
    long_item___________________________________
)
endforeach(
    LONG_LOOP_VAR_NAME________________________________________________________
)

foreach(
    LONG_LOOP_VAR_NAME________________________________________________________
    item1
    item2
    item3
    item4
    long_item___________________________________
)
    continue()
    break()
endforeach(
    LONG_LOOP_VAR_NAME________________________________________________________
)

foreach(LOOP_VAR RANGE 100)
endforeach()

foreach(
    LONG_LOOP_VAR_NAME_______________________________________________________
    RANGE 100
)
endforeach()

foreach(LOOP_VAR RANGE 0 100)
endforeach()

foreach(
    LONG_LOOP_VAR_NAME_______________________________________________________
    RANGE 0 100
)
endforeach()

foreach(LOOP_VAR RANGE 0 100 5)
endforeach()

foreach(
    LONG_LOOP_VAR_NAME_______________________________________________________
    RANGE 0 100 5
)
endforeach()

foreach(LOOP_VAR IN LISTS LIST1 LIST2 LIST3 LIST4)
endforeach()

foreach(
    LOOP_VAR
    IN
    LISTS
        LIST1
        LIST2
        LIST3
        LIST4
        LONG_LIST_NAME____________________________________
)
endforeach()

foreach(LOOP_VAR IN ITEMS ITEM1 ITEM2 ITEM3 ITEM4)
endforeach()

foreach(
    LOOP_VAR
    IN
    ITEMS
        ITEM1
        ITEM2
        ITEM3
        ITEM4
        LONG_ITEM_NAME____________________________________
)
endforeach()

if(TRUE)
    foreach(LOOP_VAR item1 item2 item3 item4)
    endforeach()

    foreach(
        LONG_LOOP_VAR_NAME_______________________________________________________
        RANGE 0 100 5
    )
    endforeach()

    foreach(
        LOOP_VAR
        IN
        ITEMS
            ITEM1
            ITEM2
            ITEM3
            ITEM4
            LONG_ITEM_NAME____________________________________
    )
    endforeach()
endif()
