include(FOO)

include(FOO OPTIONAL)

include(FOO RESULT_VARIABLE BAR)

include(FOO NO_POLICY_SCOPE)

include(FOO OPTIONAL RESULT_VARIABLE BAR NO_POLICY_SCOPE)

include(
    long_file_or_module_name_______________________________________________________
)

include(
    long_file_or_module_name_______________________________________________________
    OPTIONAL
    RESULT_VARIABLE BAR
    NO_POLICY_SCOPE
)

include(
    FOO
    OPTIONAL
    RESULT_VARIABLE long_result_variable______________________
    NO_POLICY_SCOPE
)

include(
    FOO
    OPTIONAL
    RESULT_VARIABLE
        longer_result_variable___________________________________________________
    NO_POLICY_SCOPE
)

include(
    long_file_or_module_name_______________________________________________________
    OPTIONAL
    RESULT_VARIABLE long_result_variable______________________
    NO_POLICY_SCOPE
)

include(
    long_file_or_module_name_______________________________________________________
    OPTIONAL
    RESULT_VARIABLE
        longer_result_variable___________________________________________________
    NO_POLICY_SCOPE
)

if(TRUE)
    include(FOO)

    include(
        long_file_or_module_name_______________________________________________________
    )
endif()
