foo(arg1
    arg2
    arg3 # some comment next to arg3
    arg4
    arg5 # some quite longer__________________________________________ comment
         # next to arg5
    arg6
    arg7 # another comment next to arg7
    arg8
    arg9 # no space before comment
    arg10
    # standalone comment is not aligned to previous argument
    arg11
    # long standalone comments are also aligned__________________________ as
    # other arguments
    arg12
)