link_directories(FOO)

link_directories(FOO BAR BAZ)

link_directories(AFTER FOO BAR BAZ)

link_directories(BEFORE FOO BAR BAZ)

link_directories(
    long_arg____________________________________________________________
)

link_directories(
    long_arg____________________________________________________________
    long_arg____________________________________________________________
    long_arg____________________________________________________________
)

link_directories(
    AFTER
    long_arg____________________________________________________________
    long_arg____________________________________________________________
    long_arg____________________________________________________________
)

link_directories(
    BEFORE
    long_arg____________________________________________________________
    long_arg____________________________________________________________
    long_arg____________________________________________________________
)
