macro(Foo Arg1 Arg2 Arg3)
    message(STATUS "bar")
endmacro()
