# These comments are meant to be reflowed since they are treated as consecutive
# comments:

# Lorem ipsum dolor sit amet, consectetur adipiscing elit, sed do eiusmod tempor
# incididunt ut labore et dolore magna aliqua. Ut enim ad minim veniam, quis
# nostrud exercitation ullamco laboris nisi ut aliquip ex ea commodo consequat.
# Duis aute irure dolor in reprehenderit in voluptate velit esse cillum dolore
# eu fugiat nulla pariatur. Excepteur sint occaecat cupidatat non proident, sunt
# in culpa qui officia deserunt mollit anim id est laborum.

# And these too since they start in the same column

some_command(some_argument) # Lorem ipsum dolor sit amet, consectetur adipiscing
                            # elit, sed do eiusmod tempor incididunt ut labore
                            # et dolore magna aliqua. Ut enim ad minim veniam,
                            # quis nostrud exercitation ullamco laboris nisi ut
                            # aliquip ex ea commodo consequat. Duis aute irure
                            # dolor in reprehenderit in voluptate velit esse
                            # cillum dolore eu fugiat nulla pariatur. Excepteur
                            # sint occaecat cupidatat non proident, sunt in
                            # culpa qui officia deserunt mollit anim id est
                            # laborum.

# However these aren't considered as consecutive line comments and aren't
# reflowed together

some_command(some_argument) # Lorem ipsum dolot sit amet
other_command(other_argument) # consectetur adipiscing