# Empty lines at the beginning of the file

# Empty lines in blocks
if(TRUE)
    foo() # Empty lines at the beginning of the block
    # One empty line is fine

    bar()
    # but two or more are not

    baz()

    qux() # Empty lines at the end of the block
endif()

# Empty lines at the end of the file
