set_target_properties(FOO PROPERTIES BAR BAZ)

set_target_properties(FOO BAR BAZ PROPERTIES FOO BAR BAZ FOO)

set_target_properties(
    FOO
    BAR
    BAZ
    FOO
    BAR
    BAZ
    PROPERTIES
    FOO BAR
    BAZ FOO
    BAR BAZ
    FOO BAR
)

set_target_properties(
    long_arg____________________________________________________________
    PROPERTIES
    long_arg____________________________________________________________
        long_arg____________________________________________________________
)

set_target_properties(
    long_arg____________________________________________________________
    long_arg____________________________________________________________
    long_arg____________________________________________________________
    PROPERTIES
    long_arg____________________________________________________________
        long_arg____________________________________________________________
    long_arg____________________________________________________________
        long_arg____________________________________________________________
)

set_target_properties(
    long_arg____________________________________________________________
    long_arg____________________________________________________________
    long_arg____________________________________________________________
    long_arg____________________________________________________________
    long_arg____________________________________________________________
    long_arg____________________________________________________________
    PROPERTIES
    long_arg____________________________________________________________
        long_arg____________________________________________________________
    long_arg____________________________________________________________
        long_arg____________________________________________________________
    long_arg____________________________________________________________
        long_arg____________________________________________________________
    long_arg____________________________________________________________
        long_arg____________________________________________________________
)
