target_compile_features(TGT PUBLIC)

target_compile_features(TGT PRIVATE BAR)

target_compile_features(TGT INTERFACE BAR BAZ QUX)

target_compile_features(TGT PUBLIC BAR PRIVATE BAZ INTERFACE QUX)

target_compile_features(TGT PUBLIC BAR BAZ PRIVATE BAZ QUX INTERFACE QUX FOO)

target_compile_features(TGT PUBLIC)

target_compile_features(
    TGT
    PRIVATE long_arg____________________________________________________________
)

target_compile_features(
    TGT
    INTERFACE
        long_arg____________________________________________________________
        long_arg____________________________________________________________
        long_arg____________________________________________________________
)

target_compile_features(
    TGT
    PUBLIC long_arg____________________________________________________________
    PRIVATE long_arg____________________________________________________________
    INTERFACE
        long_arg____________________________________________________________
)

target_compile_features(
    TGT
    PUBLIC
        long_arg____________________________________________________________
        long_arg____________________________________________________________
    PRIVATE
        long_arg____________________________________________________________
        long_arg____________________________________________________________
    INTERFACE
        long_arg____________________________________________________________
        long_arg____________________________________________________________
)

target_compile_features(
    long_arg____________________________________________________________
    PUBLIC
)

target_compile_features(
    long_arg____________________________________________________________
    PRIVATE BAR
)

target_compile_features(
    long_arg____________________________________________________________
    INTERFACE BAR BAZ QUX
)

target_compile_features(
    long_arg____________________________________________________________
    PUBLIC BAR
    PRIVATE BAZ
    INTERFACE QUX
)

target_compile_features(
    long_arg____________________________________________________________
    PUBLIC BAR BAZ
    PRIVATE BAZ QUX
    INTERFACE QUX FOO
)

target_compile_features(
    long_arg____________________________________________________________
    PUBLIC
)

target_compile_features(
    long_arg____________________________________________________________
    PRIVATE long_arg____________________________________________________________
)

target_compile_features(
    long_arg____________________________________________________________
    INTERFACE
        long_arg____________________________________________________________
        long_arg____________________________________________________________
        long_arg____________________________________________________________
)

target_compile_features(
    long_arg____________________________________________________________
    PUBLIC long_arg____________________________________________________________
    PRIVATE long_arg____________________________________________________________
    INTERFACE
        long_arg____________________________________________________________
)

target_compile_features(
    long_arg____________________________________________________________
    PUBLIC
        long_arg____________________________________________________________
        long_arg____________________________________________________________
    PRIVATE
        long_arg____________________________________________________________
        long_arg____________________________________________________________
    INTERFACE
        long_arg____________________________________________________________
        long_arg____________________________________________________________
)
