target_link_options(TGT PUBLIC)

target_link_options(TGT PRIVATE BAR)

target_link_options(TGT INTERFACE BAR BAZ QUX)

target_link_options(TGT PUBLIC BAR PRIVATE BAZ INTERFACE QUX)

target_link_options(TGT PUBLIC BAR BAZ PRIVATE BAZ QUX INTERFACE QUX FOO)

target_link_options(TGT BEFORE PRIVATE BAR)

target_link_options(TGT BEFORE INTERFACE BAR BAZ QUX)

target_link_options(TGT BEFORE PUBLIC BAR PRIVATE BAZ INTERFACE QUX)

target_link_options(TGT BEFORE PUBLIC BAR BAZ PRIVATE BAZ QUX INTERFACE QUX FOO)

target_link_options(
    TGT
    PRIVATE long_arg____________________________________________________________
)

target_link_options(
    TGT
    INTERFACE
        long_arg____________________________________________________________
        long_arg____________________________________________________________
        long_arg____________________________________________________________
)

target_link_options(
    TGT
    PUBLIC long_arg____________________________________________________________
    PRIVATE long_arg____________________________________________________________
    INTERFACE
        long_arg____________________________________________________________
)

target_link_options(
    TGT
    PUBLIC
        long_arg____________________________________________________________
        long_arg____________________________________________________________
    PRIVATE
        long_arg____________________________________________________________
        long_arg____________________________________________________________
    INTERFACE
        long_arg____________________________________________________________
        long_arg____________________________________________________________
)

target_link_options(
    TGT
    BEFORE
    PUBLIC
        long_arg____________________________________________________________
        long_arg____________________________________________________________
    PRIVATE
        long_arg____________________________________________________________
        long_arg____________________________________________________________
    INTERFACE
        long_arg____________________________________________________________
        long_arg____________________________________________________________
)

target_link_options(
    long_arg____________________________________________________________
    PUBLIC
)

target_link_options(
    long_arg____________________________________________________________
    PRIVATE BAR
)

target_link_options(
    long_arg____________________________________________________________
    INTERFACE BAR BAZ QUX
)

target_link_options(
    long_arg____________________________________________________________
    PUBLIC BAR
    PRIVATE BAZ
    INTERFACE QUX
)

target_link_options(
    long_arg____________________________________________________________
    PUBLIC BAR BAZ
    PRIVATE BAZ QUX
    INTERFACE QUX FOO
)

target_link_options(
    long_arg____________________________________________________________
    BEFORE
    PUBLIC BAR BAZ
    PRIVATE BAZ QUX
    INTERFACE QUX FOO
)

target_link_options(
    long_arg____________________________________________________________
    PUBLIC
)

target_link_options(
    long_arg____________________________________________________________
    PRIVATE long_arg____________________________________________________________
)

target_link_options(
    long_arg____________________________________________________________
    INTERFACE
        long_arg____________________________________________________________
        long_arg____________________________________________________________
        long_arg____________________________________________________________
)

target_link_options(
    long_arg____________________________________________________________
    PUBLIC long_arg____________________________________________________________
    PRIVATE long_arg____________________________________________________________
    INTERFACE
        long_arg____________________________________________________________
)

target_link_options(
    long_arg____________________________________________________________
    PUBLIC
        long_arg____________________________________________________________
        long_arg____________________________________________________________
    PRIVATE
        long_arg____________________________________________________________
        long_arg____________________________________________________________
    INTERFACE
        long_arg____________________________________________________________
        long_arg____________________________________________________________
)

target_link_options(
    long_arg____________________________________________________________
    BEFORE
    PUBLIC
        long_arg____________________________________________________________
        long_arg____________________________________________________________
    PRIVATE
        long_arg____________________________________________________________
        long_arg____________________________________________________________
    INTERFACE
        long_arg____________________________________________________________
        long_arg____________________________________________________________
)
