while(FOO)
    message(STATUS "OK")
endwhile()

while(
    COMMAND
        long_arg______________________________________________________________________
    AND FOO
        IS_NEWER_THAN
        long_arg______________________________________________________________________
    OR (
        BAR
        OR long_arg______________________________________________________________________
                IN_LIST
                BAR
        AND long_arg______________________________________________________________________
                VERSION_EQUAL
                long_arg______________________________________________________________________
    )
    OR TEST
        long_arg______________________________________________________________________
)
    message(STATUS "OK")
endwhile()

# repeated condition of while() in endwhile()
while(FOO)
    message(STATUS "OK")
endwhile(FOO)

while(
    COMMAND
        long_arg______________________________________________________________________
    AND FOO
        IS_NEWER_THAN
        long_arg______________________________________________________________________
    OR (
        BAR
        OR long_arg______________________________________________________________________
                IN_LIST
                BAR
        AND long_arg______________________________________________________________________
                VERSION_EQUAL
                long_arg______________________________________________________________________
    )
    OR TEST
        long_arg______________________________________________________________________
)
    message(STATUS "OK")
endwhile(
    COMMAND
        long_arg______________________________________________________________________
    AND FOO
        IS_NEWER_THAN
        long_arg______________________________________________________________________
    OR (
        BAR
        OR long_arg______________________________________________________________________
                IN_LIST
                BAR
        AND long_arg______________________________________________________________________
                VERSION_EQUAL
                long_arg______________________________________________________________________
    )
    OR TEST
        long_arg_____________________________________________________________________
)
