# Two line comment with last line empty

# Multi line comment with last line______________________________________ empty
# Lorem ipsum dolor sit amet, consectetur adipiscing elit, sed do eiusmod tempor
# incididunt ut labore et dolore magna aliqua. Ut enim ad minim veniam, quis
# nostrud exercitation ullamco laboris nisi ut aliquip ex ea commodo consequat.
# Duis aute irure dolor in reprehenderit in voluptate velit esse cillum dolore
# eu fugiat nulla pariatur. Excepteur sint occaecat cupidatat non proident, sunt
# in culpa qui officia deserunt mollit anim id est laborum.

# Empty lines in-between in multi line___________________________ comment block
# Lorem ipsum dolor sit amet, consectetur adipiscing elit, sed do eiusmod tempor
# incididunt ut labore et dolore magna aliqua. Ut enim ad minim veniam, quis
# nostrud exercitation ullamco laboris nisi ut aliquip ex ea commodo consequat.
# Duis aute irure dolor in reprehenderit in voluptate velit esse cillum dolore
# eu fugiat nulla pariatur. Excepteur sint occaecat cupidatat non proident, sunt
# in culpa qui officia deserunt mollit anim id est laborum.

# Empty lines at the beginning of comment

# Empty lines at the end of comment

# Empty lines at the edges and in the middle___________________________________
# Lorem ipsum dolor sit amet, consectetur adipiscing elit

foo() # some line comment next to command invocation

foo(arg1
    arg2
    arg3
    arg4
    arg5 # some line comment next to argument
)
