message(
    long_argument
    very_long_argument
    very_very_long_argument
    very_very_long_argument
    argument
    yet_another_argument
    very_very_long_argument
    line_limit_long_________________________________________________________argument
    argument
)

message(
    line_limit_long_________________________________________________________argument
    argument_longer_than___________________________________________________line_limit
    argument
)

message(
    unquoted_argument
    long_unquoted__________________________________argument
    unquoted_argument
    "quoted_argument"
    "long unquoted                                        argument"
    "quoted argument"
    [[bracket argument]]
    [[long bracket                  argument]]
    [[bracket argument]]
)

# Too long comments________________________________________________ are reflowed
# into multiple_________________________________________________________________
# lines

message(some_very_long_______________________________argument) # Long comment
                                                               # next to command
                                                               # invocation is
                                                               # also reflowed

# Multi line comment should be reflowed into smaller space:

# Lorem ipsum dolor sit amet, consectetur adipiscing elit, sed do eiusmod tempor
# incididunt ut labore et dolore magna aliqua. Ut enim ad minim veniam, quis
# nostrud exercitation ullamco laboris nisi ut aliquip ex ea commodo consequat.
# Duis aute irure dolor in reprehenderit in voluptate velit esse cillum dolore
# eu fugiat nulla pariatur. Excepteur sint occaecat cupidatat non proident, sunt
# in culpa qui officia deserunt mollit anim id est laborum.

# Line limits inside indented blocks
if(TRUE)
    message(
        long_argument
        very_long_argument
        very_very_long_argument
        very_very_long_argument
        argument
        yet_another_argument
        very_very_long_argument
        line_limit_long_________________________________________________________argument
        argument
    )

    message(
        line_limit_long_____________________________________________________argument
        ab
        argument_longer_than_______________________________________________line_limit
        a
    )

    message(
        unquoted_argument
        long_unquoted__________________________________argument
        unquoted_argument
        "quoted_argument"
        "long unquoted                                        argument"
        "quoted argument"
        [[bracket argument]]
        [[long bracket                  argument]]
        [[bracket argument]]
    )

    # Too long comments____________________________________________ are reflowed
    # into multiple_____________________________________________________________
    # lines

    message(some_very_long___________________________argument) # Long comment
                                                               # next to command
                                                               # invocation is
                                                               # also reflowed

    # Multi line comment should be reflowed into smaller space:

    # Lorem ipsum dolor sit amet, consectetur adipiscing elit, sed do eiusmod
    # tempor incididunt ut labore et dolore magna aliqua. Ut enim ad minim
    # veniam, quis nostrud exercitation ullamco laboris nisi ut aliquip ex ea
    # commodo consequat. Duis aute irure dolor in reprehenderit in voluptate
    # velit esse cillum dolore eu fugiat nulla pariatur. Excepteur sint occaecat
    # cupidatat non proident, sunt in culpa qui officia deserunt mollit anim id
    # est laborum.
endif()

if(TRUE)
    if(TRUE)
        message(
            long_argument
            very_long_argument
            very_very_long_argument
            very_very_long_argument
            argument
            yet_another_argument
            very_very_long_argument
            line_limit_long_________________________________________________________argument
            argument
        )

        message(
            line_limit_long_________________________________________________argument
            abcdef
            argument_longer_than___________________________________________line_limit
            abcde
        )

        message(
            unquoted_argument
            long_unquoted__________________________argument
            unquoted_argument
            "quoted_argument"
            "long unquoted                                        argument"
            "quoted argument"
            [[bracket argument]]
            [[long bracket                  argument]]
            [[bracket argument]]
        )

        # Too long comments________________________________________ are reflowed
        # into multiple_________________________________________________________
        # lines

        message(some_very_long_______________________argument) # Long comment
                                                               # next to command
                                                               # invocation is
                                                               # also reflowed

        # Multi line comment should be reflowed into smaller space:

        # Lorem ipsum dolor sit amet, consectetur adipiscing elit, sed do
        # eiusmod tempor incididunt ut labore et dolore magna aliqua. Ut enim ad
        # minim veniam, quis nostrud exercitation ullamco laboris nisi ut
        # aliquip ex ea commodo consequat. Duis aute irure dolor in
        # reprehenderit in voluptate velit esse cillum dolore eu fugiat nulla
        # pariatur. Excepteur sint occaecat cupidatat non proident, sunt in
        # culpa qui officia deserunt mollit anim id est laborum.
    endif()
endif()
