# Just a comment

# Some comment that needs to be reflowed which also has spaces to the right
